---
source: milli/src/search/facet/facet_sort_ascending.rs
---
ea4022977d09c7854c833146276348de
