---
source: milli/src/update/facet/bulk.rs
---
8bc439472ccda008dc5c28aa789f433d
