---
source: milli/src/update/delete_documents.rs
---
3   0  48.9021 48.9021 [19, ]
3   0  49.4449 49.4449 [18, ]
3   0  49.9314 49.9314 [17, ]
3   0  50.1112 50.1112 [16, ]
3   0  50.1793 50.1793 [15, ]
3   0  50.2844 50.2844 [14, ]
3   0  50.3518 50.3518 [13, ]
3   0  50.4095 50.4095 [11, ]
3   0  50.4502 50.4502 [12, ]
3   0  50.6053 50.6053 [8, ]
3   0  50.6224 50.6224 [3, ]
3   0  50.6299 50.6299 [0, ]
3   0  50.6312 50.6312 [2, ]
3   0  50.6415 50.6415 [1, ]
3   0  50.6552 50.6552 [4, ]
3   0  50.6924 50.6924 [5, ]
3   0  50.7263 50.7263 [6, ]
3   0  50.7453 50.7453 [7, ]
3   0  50.8466 50.8466 [10, ]
3   0  51.0537 51.0537 [9, ]
3   1  48.9021 50.1112 [16, 17, 18, 19, ]
3   1  50.1793 50.4095 [11, 13, 14, 15, ]
3   1  50.4502 50.6299 [0, 3, 8, 12, ]
3   1  50.6312 50.6924 [1, 2, 4, 5, ]
3   1  50.7263 51.0537 [6, 7, 9, 10, ]
4   0  2.271  2.271  [17, ]
4   0  2.3708 2.3708 [19, ]
4   0  2.7637 2.7637 [14, ]
4   0  2.7913 2.7913 [18, ]
4   0  2.8547 2.8547 [16, ]
4   0  3.0569 3.0569 [0, ]
4   0  3.1106 3.1106 [1, 2, ]
4   0  3.1476 3.1476 [3, ]
4   0  3.1541 3.1541 [6, ]
4   0  3.1763 3.1763 [5, ]
4   0  3.1897 3.1897 [4, ]
4   0  3.2189 3.2189 [15, ]
4   0  3.2206 3.2206 [7, ]
4   0  3.3758 3.3758 [8, ]
4   0  3.5326 3.5326 [13, ]
4   0  3.6957 3.6957 [9, ]
4   0  3.9623 3.9623 [12, ]
4   0  4.337  4.337  [10, ]
4   0  4.4347 4.4347 [11, ]

