---
source: milli/src/search/facet/facet_range_search.rs
---
52d0b31f312572c10959418434e36581
