---
source: milli/src/search/facet/facet_range_search.rs
---
2cb9e819529823d488e141edb4307f97
