---
source: milli/src/search/facet/facet_distribution_iter.rs
---
ea4022977d09c7854c833146276348de
