---
source: milli/src/update/word_prefix_pair_proximity_docids.rs
---
6873ff1f78d08f2b1a13bb9e37349c01
