---
source: milli/src/search/facet/facet_range_search.rs
---
9e360d7bcd29ac2c23bc241df941fd23
