---
source: milli/src/search/facet/facet_range_search.rs
---
f0606b9af67de9ede9d469514ea1741f
