---
source: milli/src/update/facet/bulk.rs
---
b494fb6565707ce401f6d6ac03f46b93
