---
source: milli/src/search/facet/facet_sort_descending.rs
---
[247, ]
[246, ]
[245, ]
[244, ]
[207, ]
[206, ]
[205, ]
[204, ]
[203, ]
[202, ]
[201, ]
[200, ]

