---
source: milli/src/search/facet/facet_sort_descending.rs
---
[243, ]
[235, ]
[226, ]
[209, ]
[208, ]
[207, ]
[206, ]
[205, ]
[297, ]
[295, ]
[293, ]
[292, ]
[289, ]
[286, ]
[282, ]
[281, ]
[279, ]
[278, ]
[277, ]
[273, ]
[269, ]
[267, ]
[264, ]
[263, ]
[262, ]
[260, ]
[258, ]
[256, ]
[250, ]
[247, ]
[244, ]
[241, ]
[239, ]
[237, ]
[236, ]
[233, ]
[231, ]
[230, ]
[224, ]
[223, ]
[215, ]
[211, ]
[203, ]
[202, ]
[201, ]

