---
source: milli/src/update/facet/bulk.rs
---
3e6a91b3c54c614a4787224ac4278ed3
