---
source: milli/src/update/facet/bulk.rs
---
947949d1a5c9c4e895c89fba46cbba68
