---
source: milli/src/search/facet/facet_range_search.rs
---
ea4022977d09c7854c833146276348de
