---
source: milli/src/update/facet/bulk.rs
---
9e9175e0a56db39f0dc04fb8f15c28fe
