---
source: milli/src/search/facet/facet_range_search.rs
---
38a4352c48905f5b121d1217734862da
