---
source: milli/src/search/facet/facet_range_search.rs
---
aefc1ec120fa884cc8396a68bd7de42f
